Initializing AMReX (23.11-14-gb7dae90344ed-dirty)...
MPI initialized with 4 MPI processes
MPI initialized with thread support level 0
AMReX (23.11-14-gb7dae90344ed-dirty) initialized
MLMG: # of AMR levels: 3
      # of MG levels on the coarsest AMR level: 7
MLMG: Initial rhs               = 2363.358424
MLMG: Initial residual (resid0) = 2363.358424
solve_bicgstab-cut-ph-and-sh
MLMG: Iteration   1 Fine resid/bnorm = 0.01491865895
MLMG: Iteration   2 Fine resid/bnorm = 0.0002446801744
MLMG: Iteration   3 Fine resid/bnorm = 6.915392259e-06
MLMG: Iteration   4 Fine resid/bnorm = 3.102210824e-07
MLMG: Iteration   5 Fine resid/bnorm = 1.172653072e-08
MLMG: Iteration   6 Fine resid/bnorm = 5.761438002e-10
MLMG: Iteration   7 Fine resid/bnorm = 2.368166293e-11
MLMG: Iteration   7 Crse resid/bnorm = 1.414732351e-08
MLMG: Iteration   8 Fine resid/bnorm = 3.61645376e-12
MLMG: Iteration   8 Crse resid/bnorm = 4.546739588e-10
MLMG: Iteration   9 Fine resid/bnorm = 2.762368411e-12
MLMG: Iteration   9 Crse resid/bnorm = 1.138783672e-11
MLMG: Final Iter. 9 resid, resid/bnorm = 2.691353984e-08, 1.138783672e-11
MLMG: Timers: Solve = 6.618144684 Iter = 6.380732884 Bottom = 0.007800231
Level 0 max-norm error: 0.0004523525466 1-norm error: 8.496513414e-05
Level 1 max-norm error: 0.0002305849216 1-norm error: 5.805886901e-06
Level 2 max-norm error: 3.397042663e-05 1-norm error: 3.159284292e-07
AMReX (23.11-14-gb7dae90344ed-dirty) finalized
