Initializing AMReX (23.11-14-gb7dae90344ed-dirty)...
MPI initialized with 4 MPI processes
MPI initialized with thread support level 0
AMReX (23.11-14-gb7dae90344ed-dirty) initialized
MLMG: # of AMR levels: 2
      # of MG levels on the coarsest AMR level: 7
MLMG: Initial rhs               = 166.130398
MLMG: Initial residual (resid0) = 166.130398
solve_bicgstab-cut-ph-and-sh
MLMG: Iteration   1 Fine resid/bnorm = 0.3672841339
MLMG: Iteration   2 Fine resid/bnorm = 0.01240811623
MLMG: Iteration   3 Fine resid/bnorm = 0.0004136065869
MLMG: Iteration   4 Fine resid/bnorm = 1.41134987e-05
MLMG: Iteration   5 Fine resid/bnorm = 6.199858659e-07
MLMG: Iteration   6 Fine resid/bnorm = 3.209030212e-08
MLMG: Iteration   7 Fine resid/bnorm = 1.864247276e-09
MLMG: Iteration   8 Fine resid/bnorm = 1.200919989e-10
MLMG: Iteration   9 Fine resid/bnorm = 8.670285755e-12
MLMG: Iteration   9 Crse resid/bnorm = 7.803847515e-10
MLMG: Iteration  10 Fine resid/bnorm = 9.009111137e-13
MLMG: Iteration  10 Crse resid/bnorm = 6.271306247e-11
MLMG: Final Iter. 10 resid, resid/bnorm = 1.041854603e-08, 6.271306247e-11
MLMG: Timers: Solve = 2.540654762 Iter = 2.418634615 Bottom = 0.000522012
Level 0 max-norm error: 0.0003139863484 1-norm error: 8.33290556e-05
Level 1 max-norm error: 9.99152717e-05 1-norm error: 3.029725628e-06
AMReX (23.11-14-gb7dae90344ed-dirty) finalized
